PS F:\Tubes Alstrukdat\TBFOTubes1\a\Foldertubes> python main.py TC01.py
----------------------------------------
-------------PYTHON COMPILER------------
----------------------------------------
----------------------------------------
------------Tunggu bentar ya------------
----------------------------------------
----------------------------------------
--------------Syntax Error--------------
----------------------------------------
PS F:\Tubes Alstrukdat\TBFOTubes1\a\Foldertubes> python main.py TC02.py
----------------------------------------
-------------PYTHON COMPILER------------
----------------------------------------
----------------------------------------
------------Tunggu bentar ya------------
----------------------------------------
----------------------------------------
----------------Accepted----------------
----------------------------------------
PS F:\Tubes Alstrukdat\TBFOTubes1\a\Foldertubes> python main.py TC03.py
----------------------------------------
-------------PYTHON COMPILER------------
----------------------------------------
----------------------------------------
------------Tunggu bentar ya------------
----------------------------------------
----------------------------------------
----------------Accepted----------------
----------------------------------------
PS F:\Tubes Alstrukdat\TBFOTubes1\a\Foldertubes> python main.py TC04.py
----------------------------------------
-------------PYTHON COMPILER------------
----------------------------------------
----------------------------------------
------------Tunggu bentar ya------------
----------------------------------------
----------------------------------------
--------------Syntax Error--------------
----------------------------------------
PS F:\Tubes Alstrukdat\TBFOTubes1\a\Foldertubes> python main.py TC05.py
----------------------------------------
-------------PYTHON COMPILER------------
----------------------------------------
----------------------------------------
------------Tunggu bentar ya------------
----------------------------------------
----------------------------------------
--------------Syntax Error--------------
----------------------------------------
PS F:\Tubes Alstrukdat\TBFOTubes1\a\Foldertubes> python main.py TC06.py
----------------------------------------
-------------PYTHON COMPILER------------
----------------------------------------
----------------------------------------
------------Tunggu bentar ya------------
----------------------------------------
----------------------------------------
----------------Accepted----------------
----------------------------------------
PS F:\Tubes Alstrukdat\TBFOTubes1\a\Foldertubes> python main.py TC07.py
----------------------------------------
-------------PYTHON COMPILER------------
----------------------------------------
----------------------------------------
------------Tunggu bentar ya------------
----------------------------------------
----------------------------------------
--------------Syntax Error--------------
----------------------------------------
PS F:\Tubes Alstrukdat\TBFOTubes1\a\Foldertubes> python main.py TC08.py
----------------------------------------
-------------PYTHON COMPILER------------
----------------------------------------
----------------------------------------
------------Tunggu bentar ya------------
----------------------------------------
----------------------------------------
--------------Syntax Error--------------
----------------------------------------
PS F:\Tubes Alstrukdat\TBFOTubes1\a\Foldertubes> python main.py TC09.py
----------------------------------------
-------------PYTHON COMPILER------------
----------------------------------------
----------------------------------------
------------Tunggu bentar ya------------
----------------------------------------
----------------------------------------
--------------Syntax Error--------------
----------------------------------------
PS F:\Tubes Alstrukdat\TBFOTubes1\a\Foldertubes> python main.py TC10.py
----------------------------------------
-------------PYTHON COMPILER------------
----------------------------------------
----------------------------------------
------------Tunggu bentar ya------------
----------------------------------------
Traceback (most recent call last):
  File "main.py", line 16, in <module>
    data = file.read()
  File "C:\Users\Asus\AppData\Local\Programs\Python\Python36-32\lib\encodings\cp1252.py", line 23, in decode
    return codecs.charmap_decode(input,self.errors,decoding_table)[0]
UnicodeDecodeError: 'charmap' codec can't decode byte 0x9d in position 49: character maps to <undefined>
PS F:\Tubes Alstrukdat\TBFOTubes1\a\Foldertubes> python main.py TC10.py
----------------------------------------
-------------PYTHON COMPILER------------
----------------------------------------
----------------------------------------
------------Tunggu bentar ya------------
----------------------------------------
Traceback (most recent call last):
  File "main.py", line 16, in <module>
    data = file.read()
  File "C:\Users\Asus\AppData\Local\Programs\Python\Python36-32\lib\encodings\cp1252.py", line 23, in decode
    return codecs.charmap_decode(input,self.errors,decoding_table)[0]
UnicodeDecodeError: 'charmap' codec can't decode byte 0x9d in position 49: character maps to <undefined>
PS F:\Tubes Alstrukdat\TBFOTubes1\a\Foldertubes> python main.py input3.txt
----------------------------------------
-------------PYTHON COMPILER------------
----------------------------------------
----------------------------------------
------------Tunggu bentar ya------------
----------------------------------------
----------------------------------------
--------------Syntax Error--------------
----------------------------------------
PS F:\Tubes Alstrukdat\TBFOTubes1\a\Foldertubes> diff .\input3.txt .\TC10.py

InputObject  SideIndicator
-----------  -------------
.\TC10.py    =>
.\input3.txt <=


PS F:\Tubes Alstrukdat\TBFOTubes1\a\Foldertubes> python main.py TC10.py
----------------------------------------
-------------PYTHON COMPILER------------
----------------------------------------
----------------------------------------
------------Tunggu bentar ya------------
----------------------------------------
----------------------------------------
--------------Syntax Error--------------
----------------------------------------
PS F:\Tubes Alstrukdat\TBFOTubes1\a\Foldertubes>
